-- # This is a demo test.
--
-- It doesn't do anything special.
select version();
                                                       version                                                       
---------------------------------------------------------------------------------------------------------------------
 PostgreSQL 17.5 (Debian 17.5-1.pgdg120+1) on x86_64-pc-linux-gnu, compiled by gcc (Debian 12.2.0-14) 12.2.0, 64-bit
(1 row)

